

 <DUALSPHYSICS4> Copyright (c) 2019 by
 Dr Jose M. Dominguez, Dr Alejandro Crespo,
 Prof. Moncho Gomez Gesteira,  Prof. Benedict Rogers,
 Dr Georgios Fourtakas, Prof. Peter Stansby, Dr Ricardo Canelas,
 Dr Renato Vacondio, Dr Corrado Altomare, Dr Angelo Tafuni,
 Orlando Garcia-Feal, Dr Jose Gonzalez Cao

 EPHYSLAB Environmental Physics Laboratory, Universidade de Vigo
 School of Mechanical, Aerospace and Civil Engineering, University of Manchester

 DualSPHysics is free software: you can redistribute it and/or
 modify it under the terms of the GNU Lesser General Public License
 as published by the Free Software Foundation, either version 2.1 of
 the License, or (at your option) any later version.

 DualSPHysics is distributed in the hope that it will be useful,
 but WITHOUT ANY WARRANTY; without even the implied warranty of
 MERCHANTABILITY or FITNESS FOR A PARTICULAR PURPOSE.  See the
 GNU Lesser General Public License for more details.

 You should have received a copy of the GNU Lesser General Public License
 along with DualSPHysics. If not, see <http://www.gnu.org/licenses/>.


DualSPHysics4 v4.4.003 (10-04-2019)
====================================
Threads by host for parallel execution: 8
[Initialising JSphCpuSingle  04-09-2026 07:18:37]
ProgramFile=".../dualsphysics/bin/DualSPHysics4.4CPU_linux64"
ExecutionDir=".../Fedora/Projects/Dam_Inundation"
XmlFile=".../stoker/stoker_out/CaseDambreakVal2D.xml"
OutputDir=".../cases/stoker/stoker_out"
OutputDataDir=".../cases/stoker/stoker_out"
**Basic case configuration is loaded
**Special case configuration is loaded
Loading initial state of particles...
Loaded particles: 21001
MapRealPos(border)=(-0.000707107,-0.000707107,-0.000707107)-(4.00071,0.000707107,3.00071)
MapRealPos(final)=(-0.000707107,-0.000707107,-0.000707107)-(4.00071,0.000707107,4.50141)
**Initial state of particles is loaded
**2D-Simulation parameters:
CaseName="CaseDambreakVal2D"
RunName="CaseDambreakVal2D"
Simulate2DPosY=0
PosDouble="1: Uses double and stores in single precision"
SvTimers=True
StepAlgorithm="Verlet"
VerletSteps=40
Kernel="Wendland"
Viscosity="Artificial"
Visco=0.020000
ViscoBoundFactor=1.000000
DeltaSph="None"
Shifting="None"
RigidAlgorithm="None"
FloatingCount=0
CaseNp=21001
CaseNbound=1001
CaseNfixed=1001
CaseNmoving=0
CaseNfloat=0
CaseNfluid=20000
PeriodicActive="None"
Dx=0.01
H=0.014142
CoefficientH=1
CteB=1115537.125000
Gamma=7.000000
RhopZero=1000.000000
Cs0=88.3672
CFLnumber=0.200000
DtIni=0.000160038
DtMin=8.00192e-06
DtAllParticles=False
MassFluid=0.100000
MassBound=0.100000
Awen (Wendland)=2784.999756
Bwen (Wendland)=-984716.812500
TimeMax=2
TimePart=0.01
Gravity=(0.000000,0.000000,-9.810000)
NpMinimum=1001
RhopOut=True
RhopOutMin=700.000000
RhopOutMax=1300.000000
**Requested cpu memory for 21011 particles: 2.3 MB.
CellMode="2H"
Hdiv=1
MapCells=(142,1,160)
DomCells=(142,1,160)
DomCellCode="13_7_12"
**CellDiv: Requested cpu memory for 22061 particles: 0.7 MB.
**CellDiv: Requested cpu memory for 5548 cells (CellMode=2H): 0.1 MB.
 
RunMode="Pos-Double - OpenMP(Threads:8)"
 
Particle summary:
  Fixed....: 1001  id:(0-1000)   MKs:1 (11)
  Moving...: 0
  Floating.: 0
  Fluid....: 20000  id:(1001-21000)   MKs:1 (1)

Total particles: 21001 (bound=1001 (fx=1001 mv=0 ft=0) fluid=20000)
Total MK blocks: 2 (bound=1 (fx=1 mv=0 ft=0) fluid=1)
 
GaugeSystem configuration:
Guage_0: 'Swl_x02'
  Type.......: SWL
  Compute....: 0 - 2   dt:0.01
  Output.....: 0 - 2   dt:0.01
  SaveVtkPart: True
  MassLimit..: 0.04
  GaugePoints: (0.2,0,-0.05)-(0.2,0,2.1)
  PointDp....: 0.005
Guage_1: 'Swl_z003'
  Type.......: SWL
  Compute....: 0 - 2   dt:0.005
  Output.....: 0 - 2   dt:0.005
  SaveVtkPart: True
  MassLimit..: 0.04
  GaugePoints: (-0.05,0,0.03)-(4.05,0,0.03)
  PointDp....: 0.005
 
Allocated memory in CPU: 3232040 (3.08 MB)
Part_0000        21001 particles successfully stored

[Initialising simulation (k71zjhq2)  04-09-2026 07:18:37]
PART       PartTime      TotalSteps    Steps    Time/Sec   Finish time        
=========  ============  ============  =======  =========  ===================
Part_0001      0.010017           314      314     216.96  04-09-2026 07:25:50
Part_0002      0.020012           628      314     200.29  04-09-2026 07:25:34
Part_0003      0.030018           942      314     215.23  04-09-2026 07:25:38
Part_0004      0.040011          1256      314     217.26  04-09-2026 07:25:41
Part_0005      0.050013          1571      315     221.23  04-09-2026 07:25:44
Part_0006      0.060022          1887      316     227.26  04-09-2026 07:25:50
Part_0007      0.070010          2202      315     225.47  04-09-2026 07:25:52
Part_0008      0.080029          2518      316     237.45  04-09-2026 07:25:57
Part_0009      0.090002          2833      315     239.86  04-09-2026 07:26:02
Part_0010      0.100001          3149      316     241.32  04-09-2026 07:26:05
Part_0011      0.110014          3466      317     226.23  04-09-2026 07:26:06
